Archive member included to satisfy reference by file (symbol)

c:/nxp/mcuxpressoide_10.2.1_795/ide/tools/bin/../lib/gcc/arm-none-eabi/7.2.1/../../../../arm-none-eabi/lib/thumb/v7e-m/fpv4-sp/hard\libcr_semihost_nf.a(_cr__main.o)
                              ./startup/startup_mk64f12.o (__main)
c:/nxp/mcuxpressoide_10.2.1_795/ide/tools/bin/../lib/gcc/arm-none-eabi/7.2.1/../../../../arm-none-eabi/lib/thumb/v7e-m/fpv4-sp/hard\libcr_c.a(initio.o)
                              c:/nxp/mcuxpressoide_10.2.1_795/ide/tools/bin/../lib/gcc/arm-none-eabi/7.2.1/../../../../arm-none-eabi/lib/thumb/v7e-m/fpv4-sp/hard\libcr_semihost_nf.a(_cr__main.o) (_initio)
c:/nxp/mcuxpressoide_10.2.1_795/ide/tools/bin/../lib/gcc/arm-none-eabi/7.2.1/../../../../arm-none-eabi/lib/thumb/v7e-m/fpv4-sp/hard\libcr_c.a(setvbuf.o)
                              c:/nxp/mcuxpressoide_10.2.1_795/ide/tools/bin/../lib/gcc/arm-none-eabi/7.2.1/../../../../arm-none-eabi/lib/thumb/v7e-m/fpv4-sp/hard\libcr_c.a(initio.o) (setvbuf)
c:/nxp/mcuxpressoide_10.2.1_795/ide/tools/bin/../lib/gcc/arm-none-eabi/7.2.1/../../../../arm-none-eabi/lib/thumb/v7e-m/fpv4-sp/hard\libcr_c.a(_fdopen.o)
                              c:/nxp/mcuxpressoide_10.2.1_795/ide/tools/bin/../lib/gcc/arm-none-eabi/7.2.1/../../../../arm-none-eabi/lib/thumb/v7e-m/fpv4-sp/hard\libcr_c.a(initio.o) (_fdopen)
c:/nxp/mcuxpressoide_10.2.1_795/ide/tools/bin/../lib/gcc/arm-none-eabi/7.2.1/../../../../arm-none-eabi/lib/thumb/v7e-m/fpv4-sp/hard\libcr_c.a(fclose.o)
                              c:/nxp/mcuxpressoide_10.2.1_795/ide/tools/bin/../lib/gcc/arm-none-eabi/7.2.1/../../../../arm-none-eabi/lib/thumb/v7e-m/fpv4-sp/hard\libcr_c.a(initio.o) (fclose)
c:/nxp/mcuxpressoide_10.2.1_795/ide/tools/bin/../lib/gcc/arm-none-eabi/7.2.1/../../../../arm-none-eabi/lib/thumb/v7e-m/fpv4-sp/hard\libcr_c.a(fflush.o)
                              c:/nxp/mcuxpressoide_10.2.1_795/ide/tools/bin/../lib/gcc/arm-none-eabi/7.2.1/../../../../arm-none-eabi/lib/thumb/v7e-m/fpv4-sp/hard\libcr_c.a(fclose.o) (fflush)
c:/nxp/mcuxpressoide_10.2.1_795/ide/tools/bin/../lib/gcc/arm-none-eabi/7.2.1/../../../../arm-none-eabi/lib/thumb/v7e-m/fpv4-sp/hard\libcr_c.a(fseek.o)
                              c:/nxp/mcuxpressoide_10.2.1_795/ide/tools/bin/../lib/gcc/arm-none-eabi/7.2.1/../../../../arm-none-eabi/lib/thumb/v7e-m/fpv4-sp/hard\libcr_c.a(_fdopen.o) (fseek)
c:/nxp/mcuxpressoide_10.2.1_795/ide/tools/bin/../lib/gcc/arm-none-eabi/7.2.1/../../../../arm-none-eabi/lib/thumb/v7e-m/fpv4-sp/hard\libcr_c.a(ftell.o)
                              c:/nxp/mcuxpressoide_10.2.1_795/ide/tools/bin/../lib/gcc/arm-none-eabi/7.2.1/../../../../arm-none-eabi/lib/thumb/v7e-m/fpv4-sp/hard\libcr_c.a(fseek.o) (ftell)
c:/nxp/mcuxpressoide_10.2.1_795/ide/tools/bin/../lib/gcc/arm-none-eabi/7.2.1/../../../../arm-none-eabi/lib/thumb/v7e-m/fpv4-sp/hard\libcr_c.a(remove.o)
                              c:/nxp/mcuxpressoide_10.2.1_795/ide/tools/bin/../lib/gcc/arm-none-eabi/7.2.1/../../../../arm-none-eabi/lib/thumb/v7e-m/fpv4-sp/hard\libcr_c.a(fclose.o) (remove)
c:/nxp/mcuxpressoide_10.2.1_795/ide/tools/bin/../lib/gcc/arm-none-eabi/7.2.1/../../../../arm-none-eabi/lib/thumb/v7e-m/fpv4-sp/hard\libcr_c.a(strlen.o)
                              c:/nxp/mcuxpressoide_10.2.1_795/ide/tools/bin/../lib/gcc/arm-none-eabi/7.2.1/../../../../arm-none-eabi/lib/thumb/v7e-m/fpv4-sp/hard\libcr_c.a(remove.o) (strlen)
c:/nxp/mcuxpressoide_10.2.1_795/ide/tools/bin/../lib/gcc/arm-none-eabi/7.2.1/../../../../arm-none-eabi/lib/thumb/v7e-m/fpv4-sp/hard\libcr_c.a(memset.o)
                              c:/nxp/mcuxpressoide_10.2.1_795/ide/tools/bin/../lib/gcc/arm-none-eabi/7.2.1/../../../../arm-none-eabi/lib/thumb/v7e-m/fpv4-sp/hard\libcr_c.a(fclose.o) (memset)
c:/nxp/mcuxpressoide_10.2.1_795/ide/tools/bin/../lib/gcc/arm-none-eabi/7.2.1/../../../../arm-none-eabi/lib/thumb/v7e-m/fpv4-sp/hard\libcr_c.a(_do_fflush.o)
                              c:/nxp/mcuxpressoide_10.2.1_795/ide/tools/bin/../lib/gcc/arm-none-eabi/7.2.1/../../../../arm-none-eabi/lib/thumb/v7e-m/fpv4-sp/hard\libcr_c.a(fflush.o) (_do_fflush)
c:/nxp/mcuxpressoide_10.2.1_795/ide/tools/bin/../lib/gcc/arm-none-eabi/7.2.1/../../../../arm-none-eabi/lib/thumb/v7e-m/fpv4-sp/hard\libcr_c.a(_fflush.o)
                              c:/nxp/mcuxpressoide_10.2.1_795/ide/tools/bin/../lib/gcc/arm-none-eabi/7.2.1/../../../../arm-none-eabi/lib/thumb/v7e-m/fpv4-sp/hard\libcr_c.a(_do_fflush.o) (_fflush)
c:/nxp/mcuxpressoide_10.2.1_795/ide/tools/bin/../lib/gcc/arm-none-eabi/7.2.1/../../../../arm-none-eabi/lib/thumb/v7e-m/fpv4-sp/hard\libcr_c.a(_writebuf.o)
                              c:/nxp/mcuxpressoide_10.2.1_795/ide/tools/bin/../lib/gcc/arm-none-eabi/7.2.1/../../../../arm-none-eabi/lib/thumb/v7e-m/fpv4-sp/hard\libcr_c.a(_fflush.o) (_Cwritebuf)
c:/nxp/mcuxpressoide_10.2.1_795/ide/tools/bin/../lib/gcc/arm-none-eabi/7.2.1/../../../../arm-none-eabi/lib/thumb/v7e-m/fpv4-sp/hard\libcr_c.a(alloc.o)
[...]
Memory Configuration

Name             Origin             Length             Attributes
PROGRAM_FLASH    0x00000000         0x00100000         xr
SRAM_UPPER       0x20000000         0x00030000         xrw
SRAM_LOWER       0x1fff0000         0x00010000         xrw
FLEX_RAM         0x14000000         0x00001000         xrw
*default*        0x00000000         0xffffffff

Linker script and memory map

LOAD ./startup/startup_mk64f12.o
LOAD ./source/GPIO.o
LOAD ./source/Main.o
LOAD ./source/RGB.o
LOAD ./source/semihost_hardfault.o
LOAD ./board/board.o
LOAD ./board/clock_config.o
LOAD ./board/peripherals.o
LOAD ./board/pin_mux.o
LOAD ./CMSIS/system_MK64F12.o
START GROUP
LOAD c:/nxp/mcuxpressoide_10.2.1_795/ide/tools/bin/../lib/gcc/arm-none-eabi/7.2.1/../../../../arm-none-eabi/lib/thumb/v7e-m/fpv4-sp/hard\libcr_semihost_nf.a
LOAD c:/nxp/mcuxpressoide_10.2.1_795/ide/tools/bin/../lib/gcc/arm-none-eabi/7.2.1/../../../../arm-none-eabi/lib/thumb/v7e-m/fpv4-sp/hard\libcr_c.a
LOAD c:/nxp/mcuxpressoide_10.2.1_795/ide/tools/bin/../lib/gcc/arm-none-eabi/7.2.1/thumb/v7e-m/fpv4-sp/hard\libcr_eabihelpers.a
END GROUP
                0x00000000                __base_PROGRAM_FLASH = 0x0
                0x00000000                __base_Flash = 0x0
                0x00100000                __top_PROGRAM_FLASH = 0x100000
                0x00100000                __top_Flash = 0x100000
                0x20000000                __base_SRAM_UPPER = 0x20000000
                0x20000000                __base_RAM = 0x20000000
                0x20030000                __top_SRAM_UPPER = 0x20030000
                0x20030000                __top_RAM = 0x20030000
                0x1fff0000                __base_SRAM_LOWER = 0x1fff0000
                0x1fff0000                __base_RAM2 = 0x1fff0000
                0x20000000                __top_SRAM_LOWER = 0x20000000
                0x20000000                __top_RAM2 = 0x20000000
                0x14000000                __base_FLEX_RAM = 0x14000000
                0x14000000                __base_RAM3 = 0x14000000
                0x14001000                __top_FLEX_RAM = 0x14001000
                0x14001000                __top_RAM3 = 0x14001000

.text           0x00000000     0x11b0
 FILL mask 0xff
                0x00000000                __vectors_start__ = ABSOLUTE (.)
 *(SORT_BY_ALIGNMENT(.isr_vector))
 .isr_vector    0x00000000      0x198 ./startup/startup_mk64f12.o
                0x00000000                g_pfnVectors
                0x00000000                __Vectors
                0x00000198                . = ALIGN (0x4)
                0x00000198                __section_table_start = .
                0x00000198                __data_section_table = .
                0x00000198        0x4 LONG 0x11b0 LOADADDR (.data)
                0x0000019c        0x4 LONG 0x20000000 ADDR (.data)
                0x000001a0        0x4 LONG 0x0 SIZEOF (.data)
                0x000001a4        0x4 LONG 0x11b0 LOADADDR (.data_RAM2)
                0x000001a8        0x4 LONG 0x1fff0000 ADDR (.data_RAM2)
                0x000001ac        0x4 LONG 0x0 SIZEOF (.data_RAM2)
                0x000001b0        0x4 LONG 0x11b0 LOADADDR (.data_RAM3)
                0x000001b4        0x4 LONG 0x14000000 ADDR (.data_RAM3)
                0x000001b8        0x4 LONG 0x0 SIZEOF (.data_RAM3)
                0x000001bc                __data_section_table_end = .
                0x000001bc                __bss_section_table = .
                0x000001bc        0x4 LONG 0x20000000 ADDR (.bss)
                0x000001c0        0x4 LONG 0xb8 SIZEOF (.bss)
                0x000001c4        0x4 LONG 0x1fff0000 ADDR (.bss_RAM2)
                0x000001c8        0x4 LONG 0x0 SIZEOF (.bss_RAM2)
                0x000001cc        0x4 LONG 0x14000000 ADDR (.bss_RAM3)
                0x000001d0        0x4 LONG 0x0 SIZEOF (.bss_RAM3)
                0x000001d4                __bss_section_table_end = .
                0x000001d4                __section_table_end = .
 *(SORT_BY_ALIGNMENT(.after_vectors*))
 .after_vectors.reset
                0x000001d4       0x4c ./startup/startup_mk64f12.o
                0x000001d4                ResetISR
 .after_vectors.init_data
                0x00000220       0x1e ./startup/startup_mk64f12.o
                0x00000220                data_init
 .after_vectors.init_bss
                0x0000023e       0x12 ./startup/startup_mk64f12.o
                0x0000023e                bss_init
 .after_vectors
                0x00000250       0x14 ./startup/startup_mk64f12.o
                0x00000250                NMI_Handler
                0x00000254                MemManage_Handler
                0x00000256                BusFault_Handler
                0x00000258                UsageFault_Handler
                0x0000025a                SVC_Handler
                0x0000025c                DebugMon_Handler
                0x0000025e                PendSV_Handler
                0x00000260                SysTick_Handler
                0x00000262                DMA_Error_DriverIRQHandler
                0x00000262                LPTMR0_DriverIRQHandler
                0x00000262                FTM1_DriverIRQHandler
                0x00000262                FTM2_DriverIRQHandler
                0x00000262                PIT2_DriverIRQHandler
                0x00000262                SDHC_DriverIRQHandler
                0x00000262                I2S0_Tx_DriverIRQHandler
                0x00000262                RTC_Seconds_DriverIRQHandler
                0x00000262                DMA6_DriverIRQHandler
                0x00000262                LLWU_DriverIRQHandler
                0x00000262                MCM_DriverIRQHandler
                0x00000262                MCG_DriverIRQHandler
                0x00000262                ENET_1588_Timer_DriverIRQHandler
                0x00000262                I2C2_DriverIRQHandler
                0x00000262                DAC1_DriverIRQHandler
                0x00000262                SPI1_DriverIRQHandler
                0x00000262                CMP1_DriverIRQHandler
                0x00000262                UART5_RX_TX_DriverIRQHandler
                0x00000262                FTM0_DriverIRQHandler
                0x00000262                IntDefaultHandler
                0x00000262                USB0_DriverIRQHandler
                0x00000262                UART5_ERR_DriverIRQHandler
                0x00000262                PORTC_DriverIRQHandler
                0x00000262                DMA11_DriverIRQHandler
                0x00000262                DAC0_DriverIRQHandler
                0x00000262                DMA10_DriverIRQHandler
                0x00000262                CMP2_DriverIRQHandler
                0x00000262                UART2_ERR_DriverIRQHandler
                0x00000262                SPI2_DriverIRQHandler
                0x00000262                LVD_LVW_DriverIRQHandler
                0x00000262                PIT0_DriverIRQHandler
                0x00000262                RNG_DriverIRQHandler
                0x00000262                DMA12_DriverIRQHandler
                0x00000262                DMA4_DriverIRQHandler
                0x00000262                UART2_RX_TX_DriverIRQHandler
                0x00000262                USBDCD_DriverIRQHandler
                0x00000262                UART3_ERR_DriverIRQHandler
                0x00000262                DMA3_DriverIRQHandler
                0x00000262                DMA8_DriverIRQHandler
                0x00000262                DMA9_DriverIRQHandler
                0x00000262                UART0_ERR_DriverIRQHandler
                0x00000262                CMT_DriverIRQHandler
                0x00000262                Reserved71_DriverIRQHandler
                0x00000262                ADC1_DriverIRQHandler
                0x00000262                PORTA_DriverIRQHandler
                0x00000262                DMA14_DriverIRQHandler
                0x00000262                PIT3_DriverIRQHandler
                0x00000262                PIT1_DriverIRQHandler
                0x00000262                WDOG_EWM_DriverIRQHandler
                0x00000262                PDB0_DriverIRQHandler
                0x00000262                RTC_DriverIRQHandler
                0x00000262                I2S0_Rx_DriverIRQHandler
                0x00000262                Read_Collision_DriverIRQHandler
                0x00000262                SWI_DriverIRQHandler
                0x00000262                UART4_RX_TX_DriverIRQHandler
                0x00000262                UART4_ERR_DriverIRQHandler
                0x00000262                PORTB_DriverIRQHandler
                0x00000262                UART0_LON_DriverIRQHandler
                0x00000262                DMA0_DriverIRQHandler
                0x00000262                DMA1_DriverIRQHandler
                0x00000262                I2C1_DriverIRQHandler
                0x00000262                UART3_RX_TX_DriverIRQHandler
                0x00000262                ENET_Receive_DriverIRQHandler
                0x00000262                DMA13_DriverIRQHandler
                0x00000262                ENET_Error_DriverIRQHandler
                0x00000262                DMA15_DriverIRQHandler
                0x00000262                UART0_RX_TX_DriverIRQHandler
                0x00000262                SPI0_DriverIRQHandler
                0x00000262                ADC0_DriverIRQHandler
                0x00000262                CMP0_DriverIRQHandler
                0x00000262                CAN0_DriverIRQHandler
                0x00000262                FTM3_DriverIRQHandler
                0x00000262                DMA5_DriverIRQHandler
                0x00000262                UART1_ERR_DriverIRQHandler
                0x00000262                DMA2_DriverIRQHandler
                0x00000262                ENET_Transmit_DriverIRQHandler
                0x00000262                PORTD_DriverIRQHandler
                0x00000262                PORTE_DriverIRQHandler
                0x00000262                FTFE_DriverIRQHandler
                0x00000262                I2C0_DriverIRQHandler
                0x00000262                DMA7_DriverIRQHandler
                0x00000262                UART1_RX_TX_DriverIRQHandler
                0x00000400                . = 0x400
 *fill*         0x00000264      0x19c ff
                0x00000400                PROVIDE (__FLASH_CONFIG_START__, .)
 *(SORT_BY_ALIGNMENT(.FlashConfig))
 .FlashConfig   0x00000400       0x10 ./startup/startup_mk64f12.o
                0x00000400                Flash_Config
                0x00000410                PROVIDE (__FLASH_CONFIG_END__, .)
                0x00000001                ASSERT (! ((__FLASH_CONFIG_START__ == __FLASH_CONFIG_END__)), Linker Flash Config Support Enabled, but no .FlashConfig section provided within application)
 *(SORT_BY_ALIGNMENT(.text*))
 .text.GPIO_pinControlRegister
                0x00000410       0x94 ./source/GPIO.o
                0x00000410                GPIO_pinControlRegister
 .text.GPIO_dataDirectionRegister
                0x000004a4       0x78 ./source/GPIO.o
                0x000004a4                GPIO_dataDirectionRegister
 .text.GPIO_dataOutputRegister
                0x0000051c       0x78 ./source/GPIO.o
                0x0000051c                GPIO_dataOutputRegister
 .text.GPIO_clockGating
                0x00000594       0xc0 ./source/GPIO.o
                0x00000594                GPIO_clockGating
 .text.main     0x00000654      0x14c ./source/Main.o
                0x00000654                main
 .text.LED_On   0x000007a0       0xc0 ./source/RGB.o
                0x000007a0                LED_On
 .text.SystemInit
                0x00000860       0x3c ./CMSIS/system_MK64F12.o
                0x00000860                SystemInit
 .text._initio  0x0000089c       0x78 c:/nxp/mcuxpressoide_10.2.1_795/ide/tools/bin/../lib/gcc/arm-none-eabi/7.2.1/../../../../arm-none-eabi/lib/thumb/v7e-m/fpv4-sp/hard\libcr_c.a(initio.o)
                0x0000089c                _initio
 .text.setvbuf  0x00000914       0x40 c:/nxp/mcuxpressoide_10.2.1_795/ide/tools/bin/../lib/gcc/arm-none-eabi/7.2.1/../../../../arm-none-eabi/lib/thumb/v7e-m/fpv4-sp/hard\libcr_c.a(setvbuf.o)
                0x00000914                setvbuf
 .text.fflush   0x00000954       0x44 c:/nxp/mcuxpressoide_10.2.1_795/ide/tools/bin/../lib/gcc/arm-none-eabi/7.2.1/../../../../arm-none-eabi/lib/thumb/v7e-m/fpv4-sp/hard\libcr_c.a(fflush.o)
                0x00000954                fflush
 .text.fseek    0x00000998      0x100 c:/nxp/mcuxpressoide_10.2.1_795/ide/tools/bin/../lib/gcc/arm-none-eabi/7.2.1/../../../../arm-none-eabi/lib/thumb/v7e-m/fpv4-sp/hard\libcr_c.a(fseek.o)
                0x00000998                fseek
 .text.ftell    0x00000a98       0x44 c:/nxp/mcuxpressoide_10.2.1_795/ide/tools/bin/../lib/gcc/arm-none-eabi/7.2.1/../../../../arm-none-eabi/lib/thumb/v7e-m/fpv4-sp/hard\libcr_c.a(ftell.o)
                0x00000a98                ftell
 .text._Cwritebuf
                0x00000adc       0x6c c:/nxp/mcuxpressoide_10.2.1_795/ide/tools/bin/../lib/gcc/arm-none-eabi/7.2.1/../../../../arm-none-eabi/lib/thumb/v7e-m/fpv4-sp/hard\libcr_c.a(_writebuf.o)
                0x00000adc                _Cwritebuf
 .text.DMA0_IRQHandler
                0x00000b48        0x8 ./startup/startup_mk64f12.o
                0x00000b48                DMA0_IRQHandler
 .text.DMA1_IRQHandler
                0x00000b50        0x8 ./startup/startup_mk64f12.o
                0x00000b50                DMA1_IRQHandler
 .text.DMA2_IRQHandler
                0x00000b58        0x8 ./startup/startup_mk64f12.o
                0x00000b58                DMA2_IRQHandler
 .text.DMA3_IRQHandler
                0x00000b60        0x8 ./startup/startup_mk64f12.o
                0x00000b60                DMA3_IRQHandler
 .text.DMA4_IRQHandler
                0x00000b68        0x8 ./startup/startup_mk64f12.o
                0x00000b68                DMA4_IRQHandler
 .text.DMA5_IRQHandler
                0x00000b70        0x8 ./startup/startup_mk64f12.o
                0x00000b70                DMA5_IRQHandler
 .text.DMA6_IRQHandler
                0x00000b78        0x8 ./startup/startup_mk64f12.o
                0x00000b78                DMA6_IRQHandler
 .text.DMA7_IRQHandler
                0x00000b80        0x8 ./startup/startup_mk64f12.o
                0x00000b80                DMA7_IRQHandler
 .text.DMA8_IRQHandler
                0x00000b88        0x8 ./startup/startup_mk64f12.o
                0x00000b88                DMA8_IRQHandler
 .text.DMA9_IRQHandler
                0x00000b90        0x8 ./startup/startup_mk64f12.o
                0x00000b90                DMA9_IRQHandler
 .text.DMA10_IRQHandler
                0x00000b98        0x8 ./startup/startup_mk64f12.o
                0x00000b98                DMA10_IRQHandler
 .text.DMA11_IRQHandler
                0x00000ba0        0x8 ./startup/startup_mk64f12.o
                0x00000ba0                DMA11_IRQHandler
 .text.DMA12_IRQHandler
                0x00000ba8        0x8 ./startup/startup_mk64f12.o
                0x00000ba8                DMA12_IRQHandler
 .text.DMA13_IRQHandler
                0x00000bb0        0x8 ./startup/startup_mk64f12.o
                0x00000bb0                DMA13_IRQHandler
 .text.DMA14_IRQHandler
                0x00000bb8        0x8 ./startup/startup_mk64f12.o
                0x00000bb8                DMA14_IRQHandler
 .text.DMA15_IRQHandler
                0x00000bc0        0x8 ./startup/startup_mk64f12.o
                0x00000bc0                DMA15_IRQHandler
 .text.DMA_Error_IRQHandler
                0x00000bc8        0x8 ./startup/startup_mk64f12.o
                0x00000bc8                DMA_Error_IRQHandler
 .text.MCM_IRQHandler
                0x00000bd0        0x8 ./startup/startup_mk64f12.o
                0x00000bd0                MCM_IRQHandler
 .text.FTFE_IRQHandler
                0x00000bd8        0x8 ./startup/startup_mk64f12.o
                0x00000bd8                FTFE_IRQHandler
 .text.Read_Collision_IRQHandler
                0x00000be0        0x8 ./startup/startup_mk64f12.o
                0x00000be0                Read_Collision_IRQHandler
 .text.LVD_LVW_IRQHandler
                0x00000be8        0x8 ./startup/startup_mk64f12.o
                0x00000be8                LVD_LVW_IRQHandler
 .text.LLWU_IRQHandler
                0x00000bf0        0x8 ./startup/startup_mk64f12.o
                0x00000bf0                LLWU_IRQHandler
 .text.WDOG_EWM_IRQHandler
                0x00000bf8        0x8 ./startup/startup_mk64f12.o
                0x00000bf8                WDOG_EWM_IRQHandler
 .text.RNG_IRQHandler
                0x00000c00        0x8 ./startup/startup_mk64f12.o
                0x00000c00                RNG_IRQHandler
 .text.I2C0_IRQHandler
                0x00000c08        0x8 ./startup/startup_mk64f12.o
                0x00000c08                I2C0_IRQHandler
 .text.I2C1_IRQHandler
                0x00000c10        0x8 ./startup/startup_mk64f12.o
                0x00000c10                I2C1_IRQHandler
 .text.SPI0_IRQHandler
                0x00000c18        0x8 ./startup/startup_mk64f12.o
                0x00000c18                SPI0_IRQHandler
 .text.SPI1_IRQHandler
                0x00000c20        0x8 ./startup/startup_mk64f12.o
                0x00000c20                SPI1_IRQHandler
 .text.I2S0_Tx_IRQHandler
                0x00000c28        0x8 ./startup/startup_mk64f12.o
                0x00000c28                I2S0_Tx_IRQHandler
 .text.I2S0_Rx_IRQHandler
                0x00000c30        0x8 ./startup/startup_mk64f12.o
                0x00000c30                I2S0_Rx_IRQHandler
 .text.UART0_LON_IRQHandler
                0x00000c38        0x8 ./startup/startup_mk64f12.o
                0x00000c38                UART0_LON_IRQHandler
 .text.UART0_RX_TX_IRQHandler
                0x00000c40        0x8 ./startup/startup_mk64f12.o
                0x00000c40                UART0_RX_TX_IRQHandler
 .text.UART0_ERR_IRQHandler
                0x00000c48        0x8 ./startup/startup_mk64f12.o
                0x00000c48                UART0_ERR_IRQHandler
 .text.UART1_RX_TX_IRQHandler
                0x00000c50        0x8 ./startup/startup_mk64f12.o
                0x00000c50                UART1_RX_TX_IRQHandler
 .text.UART1_ERR_IRQHandler
                0x00000c58        0x8 ./startup/startup_mk64f12.o
                0x00000c58                UART1_ERR_IRQHandler
 .text.UART2_RX_TX_IRQHandler
                0x00000c60        0x8 ./startup/startup_mk64f12.o
                0x00000c60                UART2_RX_TX_IRQHandler
 .text.UART2_ERR_IRQHandler
                0x00000c68        0x8 ./startup/startup_mk64f12.o
                0x00000c68                UART2_ERR_IRQHandler
 .text.UART3_RX_TX_IRQHandler
                0x00000c70        0x8 ./startup/startup_mk64f12.o
                0x00000c70                UART3_RX_TX_IRQHandler
 .text.UART3_ERR_IRQHandler
                0x00000c78        0x8 ./startup/startup_mk64f12.o
                0x00000c78                UART3_ERR_IRQHandler
 .text.ADC0_IRQHandler
                0x00000c80        0x8 ./startup/startup_mk64f12.o
                0x00000c80                ADC0_IRQHandler
 .text.CMP0_IRQHandler
                0x00000c88        0x8 ./startup/startup_mk64f12.o
                0x00000c88                CMP0_IRQHandler
 .text.CMP1_IRQHandler
                0x00000c90        0x8 ./startup/startup_mk64f12.o
                0x00000c90                CMP1_IRQHandler
 .text.FTM0_IRQHandler
                0x00000c98        0x8 ./startup/startup_mk64f12.o
                0x00000c98                FTM0_IRQHandler
 .text.FTM1_IRQHandler
                0x00000ca0        0x8 ./startup/startup_mk64f12.o
                0x00000ca0                FTM1_IRQHandler
 .text.FTM2_IRQHandler
                0x00000ca8        0x8 ./startup/startup_mk64f12.o
                0x00000ca8                FTM2_IRQHandler
 .text.CMT_IRQHandler
                0x00000cb0        0x8 ./startup/startup_mk64f12.o
                0x00000cb0                CMT_IRQHandler
 .text.RTC_IRQHandler
                0x00000cb8        0x8 ./startup/startup_mk64f12.o
                0x00000cb8                RTC_IRQHandler
 .text.RTC_Seconds_IRQHandler
                0x00000cc0        0x8 ./startup/startup_mk64f12.o
                0x00000cc0                RTC_Seconds_IRQHandler
 .text.PIT0_IRQHandler
                0x00000cc8        0x8 ./startup/startup_mk64f12.o
                0x00000cc8                PIT0_IRQHandler
 .text.PIT1_IRQHandler
                0x00000cd0        0x8 ./startup/startup_mk64f12.o
                0x00000cd0                PIT1_IRQHandler
 .text.PIT2_IRQHandler
                0x00000cd8        0x8 ./startup/startup_mk64f12.o
                0x00000cd8                PIT2_IRQHandler
 .text.PIT3_IRQHandler
                0x00000ce0        0x8 ./startup/startup_mk64f12.o
                0x00000ce0                PIT3_IRQHandler
 .text.PDB0_IRQHandler
                0x00000ce8        0x8 ./startup/startup_mk64f12.o
                0x00000ce8                PDB0_IRQHandler
 .text.USB0_IRQHandler
                0x00000cf0        0x8 ./startup/startup_mk64f12.o
                0x00000cf0                USB0_IRQHandler
 .text.USBDCD_IRQHandler
                0x00000cf8        0x8 ./startup/startup_mk64f12.o
                0x00000cf8                USBDCD_IRQHandler
 .text.Reserved71_IRQHandler
                0x00000d00        0x8 ./startup/startup_mk64f12.o
                0x00000d00                Reserved71_IRQHandler
 .text.DAC0_IRQHandler
                0x00000d08        0x8 ./startup/startup_mk64f12.o
                0x00000d08                DAC0_IRQHandler
 .text.MCG_IRQHandler
                0x00000d10        0x8 ./startup/startup_mk64f12.o
                0x00000d10                MCG_IRQHandler
 .text.LPTMR0_IRQHandler
                0x00000d18        0x8 ./startup/startup_mk64f12.o
                0x00000d18                LPTMR0_IRQHandler
 .text.PORTA_IRQHandler
                0x00000d20        0x8 ./startup/startup_mk64f12.o
                0x00000d20                PORTA_IRQHandler
 .text.PORTB_IRQHandler
                0x00000d28        0x8 ./startup/startup_mk64f12.o
                0x00000d28                PORTB_IRQHandler
 .text.PORTC_IRQHandler
                0x00000d30        0x8 ./startup/startup_mk64f12.o
                0x00000d30                PORTC_IRQHandler
 .text.PORTD_IRQHandler
                0x00000d38        0x8 ./startup/startup_mk64f12.o
                0x00000d38                PORTD_IRQHandler
 .text.PORTE_IRQHandler
                0x00000d40        0x8 ./startup/startup_mk64f12.o
                0x00000d40                PORTE_IRQHandler
 .text.SWI_IRQHandler
                0x00000d48        0x8 ./startup/startup_mk64f12.o
                0x00000d48                SWI_IRQHandler
 .text.SPI2_IRQHandler
                0x00000d50        0x8 ./startup/startup_mk64f12.o
                0x00000d50                SPI2_IRQHandler
 .text.UART4_RX_TX_IRQHandler
                0x00000d58        0x8 ./startup/startup_mk64f12.o
                0x00000d58                UART4_RX_TX_IRQHandler
 .text.UART4_ERR_IRQHandler
                0x00000d60        0x8 ./startup/startup_mk64f12.o
                0x00000d60                UART4_ERR_IRQHandler
 .text.UART5_RX_TX_IRQHandler
                0x00000d68        0x8 ./startup/startup_mk64f12.o
                0x00000d68                UART5_RX_TX_IRQHandler
 .text.UART5_ERR_IRQHandler
                0x00000d70        0x8 ./startup/startup_mk64f12.o
                0x00000d70                UART5_ERR_IRQHandler
 .text.CMP2_IRQHandler
                0x00000d78        0x8 ./startup/startup_mk64f12.o
                0x00000d78                CMP2_IRQHandler
 .text.FTM3_IRQHandler
                0x00000d80        0x8 ./startup/startup_mk64f12.o
                0x00000d80                FTM3_IRQHandler
 .text.DAC1_IRQHandler
                0x00000d88        0x8 ./startup/startup_mk64f12.o
                0x00000d88                DAC1_IRQHandler
 .text.ADC1_IRQHandler
                0x00000d90        0x8 ./startup/startup_mk64f12.o
                0x00000d90                ADC1_IRQHandler
 .text.I2C2_IRQHandler
                0x00000d98        0x8 ./startup/startup_mk64f12.o
                0x00000d98                I2C2_IRQHandler
 .text.CAN0_ORed_Message_buffer_IRQHandler
                0x00000da0        0x8 ./startup/startup_mk64f12.o
                0x00000da0                CAN0_ORed_Message_buffer_IRQHandler
 .text.CAN0_Bus_Off_IRQHandler
                0x00000da8        0x8 ./startup/startup_mk64f12.o
                0x00000da8                CAN0_Bus_Off_IRQHandler
 .text.CAN0_Error_IRQHandler
                0x00000db0        0x8 ./startup/startup_mk64f12.o
                0x00000db0                CAN0_Error_IRQHandler
 .text.CAN0_Tx_Warning_IRQHandler
                0x00000db8        0x8 ./startup/startup_mk64f12.o
                0x00000db8                CAN0_Tx_Warning_IRQHandler
 .text.CAN0_Rx_Warning_IRQHandler
                0x00000dc0        0x8 ./startup/startup_mk64f12.o
                0x00000dc0                CAN0_Rx_Warning_IRQHandler
 .text.CAN0_Wake_Up_IRQHandler
                0x00000dc8        0x8 ./startup/startup_mk64f12.o
                0x00000dc8                CAN0_Wake_Up_IRQHandler
 .text.SDHC_IRQHandler
                0x00000dd0        0x8 ./startup/startup_mk64f12.o
                0x00000dd0                SDHC_IRQHandler
 .text.ENET_1588_Timer_IRQHandler
                0x00000dd8        0x8 ./startup/startup_mk64f12.o
                0x00000dd8                ENET_1588_Timer_IRQHandler
 .text.ENET_Transmit_IRQHandler
                0x00000de0        0x8 ./startup/startup_mk64f12.o
                0x00000de0                ENET_Transmit_IRQHandler
 .text.ENET_Receive_IRQHandler
                0x00000de8        0x8 ./startup/startup_mk64f12.o
                0x00000de8                ENET_Receive_IRQHandler
 .text.ENET_Error_IRQHandler
                0x00000df0        0x8 ./startup/startup_mk64f12.o
                0x00000df0                ENET_Error_IRQHandler
 .text.delay    0x00000df8       0x2e ./source/Main.o
                0x00000df8                delay
 .text.LED_setUp
                0x00000e26       0x40 ./source/RGB.o
                0x00000e26                LED_setUp
 .text.SW_setUp
                0x00000e66       0x34 ./source/RGB.o
                0x00000e66                SW_setUp
 .text.LEDsOff  0x00000e9a       0x18 ./source/RGB.o
                0x00000e9a                LEDsOff
 .text.HardFault_Handler
                0x00000eb2       0x2c ./source/semihost_hardfault.o
                0x00000eb2                HardFault_Handler
 .text.SystemInitHook
                0x00000ede        0xe ./CMSIS/system_MK64F12.o
                0x00000ede                SystemInitHook
 .text.__main   0x00000eec        0xe c:/nxp/mcuxpressoide_10.2.1_795/ide/tools/bin/../lib/gcc/arm-none-eabi/7.2.1/../../../../arm-none-eabi/lib/thumb/v7e-m/fpv4-sp/hard\libcr_semihost_nf.a(_cr__main.o)
                0x00000eec                __CR_SEMIHOST
                0x00000eec                __main
 .text._fdopen  0x00000efa       0x68 c:/nxp/mcuxpressoide_10.2.1_795/ide/tools/bin/../lib/gcc/arm-none-eabi/7.2.1/../../../../arm-none-eabi/lib/thumb/v7e-m/fpv4-sp/hard\libcr_c.a(_fdopen.o)
                0x00000efa                _fdopen
 .text.fclose   0x00000f62       0x58 c:/nxp/mcuxpressoide_10.2.1_795/ide/tools/bin/../lib/gcc/arm-none-eabi/7.2.1/../../../../arm-none-eabi/lib/thumb/v7e-m/fpv4-sp/hard\libcr_c.a(fclose.o)
                0x00000f62                fclose
 .text.remove   0x00000fba       0x14 c:/nxp/mcuxpressoide_10.2.1_795/ide/tools/bin/../lib/gcc/arm-none-eabi/7.2.1/../../../../arm-none-eabi/lib/thumb/v7e-m/fpv4-sp/hard\libcr_c.a(remove.o)
                0x00000fba                remove
 .text.strlen   0x00000fce       0x4a c:/nxp/mcuxpressoide_10.2.1_795/ide/tools/bin/../lib/gcc/arm-none-eabi/7.2.1/../../../../arm-none-eabi/lib/thumb/v7e-m/fpv4-sp/hard\libcr_c.a(strlen.o)
                0x00000fce                strlen
 .text.memset   0x00001018        0x4 c:/nxp/mcuxpressoide_10.2.1_795/ide/tools/bin/../lib/gcc/arm-none-eabi/7.2.1/../../../../arm-none-eabi/lib/thumb/v7e-m/fpv4-sp/hard\libcr_c.a(memset.o)
                0x00001018                memset
 .text._do_fflush
                0x0000101c       0x40 c:/nxp/mcuxpressoide_10.2.1_795/ide/tools/bin/../lib/gcc/arm-none-eabi/7.2.1/../../../../arm-none-eabi/lib/thumb/v7e-m/fpv4-sp/hard\libcr_c.a(_do_fflush.o)
                0x0000101c                _do_fflush
 .text._fflush  0x0000105c       0x52 c:/nxp/mcuxpressoide_10.2.1_795/ide/tools/bin/../lib/gcc/arm-none-eabi/7.2.1/../../../../arm-none-eabi/lib/thumb/v7e-m/fpv4-sp/hard\libcr_c.a(_fflush.o)
                0x0000105c                _fflush
 .text.free     0x000010ae       0x30 c:/nxp/mcuxpressoide_10.2.1_795/ide/tools/bin/../lib/gcc/arm-none-eabi/7.2.1/../../../../arm-none-eabi/lib/thumb/v7e-m/fpv4-sp/hard\libcr_c.a(alloc.o)
                0x000010ae                free
 .text._deferredlazyseek
                0x000010de       0x40 c:/nxp/mcuxpressoide_10.2.1_795/ide/tools/bin/../lib/gcc/arm-none-eabi/7.2.1/../../../../arm-none-eabi/lib/thumb/v7e-m/fpv4-sp/hard\libcr_c.a(_deferredlazyseek.o)
                0x000010de                _deferredlazyseek
 .text.__aeabi_memset_lowlevel
                0x0000111e       0x32 c:/nxp/mcuxpressoide_10.2.1_795/ide/tools/bin/../lib/gcc/arm-none-eabi/7.2.1/thumb/v7e-m/fpv4-sp/hard\libcr_eabihelpers.a(memcpy.o)
                0x0000111e                __aeabi_lowlevel_memset
 .text.__sys_close
                0x00001150        0xc c:/nxp/mcuxpressoide_10.2.1_795/ide/tools/bin/../lib/gcc/arm-none-eabi/7.2.1/../../../../arm-none-eabi/lib/thumb/v7e-m/fpv4-sp/hard\libcr_semihost_nf.a(__sys_close.o)
                0x00001150                __sys_close
 .text.__sys_flen
                0x0000115c        0xc c:/nxp/mcuxpressoide_10.2.1_795/ide/tools/bin/../lib/gcc/arm-none-eabi/7.2.1/../../../../arm-none-eabi/lib/thumb/v7e-m/fpv4-sp/hard\libcr_semihost_nf.a(__sys_flen.o)
                0x0000115c                __sys_flen
 .text.__sys_istty
                0x00001168        0xc c:/nxp/mcuxpressoide_10.2.1_795/ide/tools/bin/../lib/gcc/arm-none-eabi/7.2.1/../../../../arm-none-eabi/lib/thumb/v7e-m/fpv4-sp/hard\libcr_semihost_nf.a(__sys_istty.o)
                0x00001168                __sys_istty
 .text.__sys_remove
                0x00001174        0xc c:/nxp/mcuxpressoide_10.2.1_795/ide/tools/bin/../lib/gcc/arm-none-eabi/7.2.1/../../../../arm-none-eabi/lib/thumb/v7e-m/fpv4-sp/hard\libcr_semihost_nf.a(__sys_remove.o)
                0x00001174                __sys_remove
 .text.__sys_seek
                0x00001180        0xc c:/nxp/mcuxpressoide_10.2.1_795/ide/tools/bin/../lib/gcc/arm-none-eabi/7.2.1/../../../../arm-none-eabi/lib/thumb/v7e-m/fpv4-sp/hard\libcr_semihost_nf.a(__sys_seek.o)
                0x00001180                __sys_seek
 .text.__sys_tmpnam
                0x0000118c        0xc c:/nxp/mcuxpressoide_10.2.1_795/ide/tools/bin/../lib/gcc/arm-none-eabi/7.2.1/../../../../arm-none-eabi/lib/thumb/v7e-m/fpv4-sp/hard\libcr_semihost_nf.a(__sys_tmpnam.o)
                0x0000118c                __sys_tmpnam
 .text.__sys_write
                0x00001198        0xc c:/nxp/mcuxpressoide_10.2.1_795/ide/tools/bin/../lib/gcc/arm-none-eabi/7.2.1/../../../../arm-none-eabi/lib/thumb/v7e-m/fpv4-sp/hard\libcr_semihost_nf.a(__sys_write.o)
                0x00001198                __sys_write
 *(SORT_BY_ALIGNMENT(.rodata) SORT_BY_ALIGNMENT(.rodata.*) SORT_BY_ALIGNMENT(.constdata) SORT_BY_ALIGNMENT(.constdata.*))
 .rodata.__num_Ciob_streams
                0x000011a4        0x4 c:/nxp/mcuxpressoide_10.2.1_795/ide/tools/bin/../lib/gcc/arm-none-eabi/7.2.1/../../../../arm-none-eabi/lib/thumb/v7e-m/fpv4-sp/hard\libcr_semihost_nf.a(__ciob.o)
                0x000011a4                __num_Ciob_streams
 .rodata._initio.str1.1
                0x000011a8        0x4 c:/nxp/mcuxpressoide_10.2.1_795/ide/tools/bin/../lib/gcc/arm-none-eabi/7.2.1/../../../../arm-none-eabi/lib/thumb/v7e-m/fpv4-sp/hard\libcr_c.a(initio.o)
                0x000011b0                . = ALIGN (0x8)
 *fill*         0x000011ac        0x4 ff

.glue_7         0x000011b0        0x0
 .glue_7        0x000011b0        0x0 linker stubs

.glue_7t        0x000011b0        0x0
 .glue_7t       0x000011b0        0x0 linker stubs

.vfp11_veneer   0x000011b0        0x0
 .vfp11_veneer  0x000011b0        0x0 linker stubs

.v4_bx          0x000011b0        0x0
 .v4_bx         0x000011b0        0x0 linker stubs

.iplt           0x000011b0        0x0
 .iplt          0x000011b0        0x0 ./startup/startup_mk64f12.o

.rel.dyn        0x000011b0        0x0
 .rel.iplt      0x000011b0        0x0 ./startup/startup_mk64f12.o

.ARM.extab
 *(SORT_BY_ALIGNMENT(.ARM.extab*) SORT_BY_ALIGNMENT(.gnu.linkonce.armextab.*))
                0x000011b0                __exidx_start = .

.ARM.exidx
 *(SORT_BY_ALIGNMENT(.ARM.exidx*) SORT_BY_ALIGNMENT(.gnu.linkonce.armexidx.*))
                0x000011b0                __exidx_end = .
                0x000011b0                _etext = .

.m_usb_data
 *(SORT_BY_ALIGNMENT(m_usb_bdt))

.data_RAM2      0x1fff0000        0x0 load address 0x000011b0
 FILL mask 0xff
                [!provide]                PROVIDE (__start_data_RAM2, .)
 *(SORT_BY_ALIGNMENT(.ramfunc.$RAM2))
 *(SORT_BY_ALIGNMENT(.ramfunc.$SRAM_LOWER))
 *(SORT_BY_ALIGNMENT(.data.$RAM2*))
 *(SORT_BY_ALIGNMENT(.data.$SRAM_LOWER*))
                0x1fff0000                . = ALIGN (0x8)
                [!provide]                PROVIDE (__end_data_RAM2, .)

.data_RAM3      0x14000000        0x0 load address 0x000011b0
 FILL mask 0xff
                [!provide]                PROVIDE (__start_data_RAM3, .)
 *(SORT_BY_ALIGNMENT(.ramfunc.$RAM3))
 *(SORT_BY_ALIGNMENT(.ramfunc.$FLEX_RAM))
 *(SORT_BY_ALIGNMENT(.data.$RAM3*))
 *(SORT_BY_ALIGNMENT(.data.$FLEX_RAM*))
                0x14000000                . = ALIGN (0x8)
                [!provide]                PROVIDE (__end_data_RAM3, .)

.uninit_RESERVED
                0x20000000        0x0
 *(SORT_BY_ALIGNMENT(.bss.$RESERVED*))
                0x20000000                . = ALIGN (0x4)
                0x20000000                _end_uninit_RESERVED = .

.data           0x20000000        0x0 load address 0x000011b0
 FILL mask 0xff
                0x20000000                _data = .
 *(SORT_BY_ALIGNMENT(vtable))
 *(SORT_BY_ALIGNMENT(.ramfunc*))
 *(SORT_BY_ALIGNMENT(.data*))
                0x20000000                . = ALIGN (0x8)
                0x20000000                _edata = .

.igot.plt       0x20000000        0x0 load address 0x000011b0
 .igot.plt      0x20000000        0x0 ./startup/startup_mk64f12.o

.bss_RAM2       0x1fff0000        0x0
                [!provide]                PROVIDE (__start_bss_RAM2, .)
 *(SORT_BY_ALIGNMENT(.bss.$RAM2*))
 *(SORT_BY_ALIGNMENT(.bss.$SRAM_LOWER*))
                0x1fff0000                . = ALIGN ((. != 0x0)?0x8:0x1)
                [!provide]                PROVIDE (__end_bss_RAM2, .)

.bss_RAM3       0x14000000        0x0
                [!provide]                PROVIDE (__start_bss_RAM3, .)
 *(SORT_BY_ALIGNMENT(.bss.$RAM3*))
 *(SORT_BY_ALIGNMENT(.bss.$FLEX_RAM*))
                0x14000000                . = ALIGN ((. != 0x0)?0x8:0x1)
                [!provide]                PROVIDE (__end_bss_RAM3, .)

.bss            0x20000000       0xb8
                0x20000000                _bss = .
 *(SORT_BY_ALIGNMENT(.bss*))
 .bss.errno     0x20000000        0x4 c:/nxp/mcuxpressoide_10.2.1_795/ide/tools/bin/../lib/gcc/arm-none-eabi/7.2.1/../../../../arm-none-eabi/lib/thumb/v7e-m/fpv4-sp/hard\libcr_c.a(errno.o)
                0x20000000                errno
 .bss.__Ciob    0x20000004       0xb4 c:/nxp/mcuxpressoide_10.2.1_795/ide/tools/bin/../lib/gcc/arm-none-eabi/7.2.1/../../../../arm-none-eabi/lib/thumb/v7e-m/fpv4-sp/hard\libcr_semihost_nf.a(__ciob.o)
                0x20000004                __Ciob
 *(SORT_BY_ALIGNMENT(COMMON))
                0x200000b8                . = ALIGN (0x8)
                0x200000b8                _ebss = .
                [!provide]                PROVIDE (end, .)

.noinit_RAM2    0x1fff0000        0x0
 *(SORT_BY_ALIGNMENT(.noinit.$RAM2*))
 *(SORT_BY_ALIGNMENT(.noinit.$SRAM_LOWER*))
                0x1fff0000                . = ALIGN (0x8)

.noinit_RAM3    0x14000000        0x0
 *(SORT_BY_ALIGNMENT(.noinit.$RAM3*))
 *(SORT_BY_ALIGNMENT(.noinit.$FLEX_RAM*))
                0x14000000                . = ALIGN (0x8)

.noinit         0x200000b8        0x0
                0x200000b8                _noinit = .
 *(SORT_BY_ALIGNMENT(.noinit*))
                0x200000b8                . = ALIGN (0x8)
                0x200000b8                _end_noinit = .
                0x00001000                _HeapSize = 0x1000

.heap           0x200000b8     0x1000
                0x200000b8                _pvHeapStart = .
                0x200010b8                . = (. + _HeapSize)
 *fill*         0x200000b8     0x1000 
                0x200010b8                . = ALIGN (0x8)
                0x200010b8                _pvHeapLimit = .
                0x00001000                _StackSize = 0x1000

.heap2stackfill
                0x200010b8     0x1000
                0x200020b8                . = (. + _StackSize)
 *fill*         0x200010b8     0x1000 

.stack          0x2002f000        0x0
                0x2002f000                _vStackBase = .
                0x2002f000                . = ALIGN (0x8)
                0x20030000                _vStackTop = (. + _StackSize)
                0x00000000                _image_start = LOADADDR (.text)
                0x000011b0                _image_end = (LOADADDR (.data) + SIZEOF (.data))
                0x000011b0                _image_size = (_image_end - _image_start)
OUTPUT(one_led.axf elf32-littlearm)

.debug_info     0x00000000     0x1817
 .debug_info    0x00000000      0x8b0 ./startup/startup_mk64f12.o
 .debug_info    0x000008b0      0x504 ./source/GPIO.o
 .debug_info    0x00000db4      0x250 ./source/Main.o
 .debug_info    0x00001004      0x1a7 ./source/RGB.o
 .debug_info    0x000011ab       0x3b ./source/semihost_hardfault.o
 .debug_info    0x000011e6      0x631 ./CMSIS/system_MK64F12.o

.debug_abbrev   0x00000000      0x62e
 .debug_abbrev  0x00000000      0x15c ./startup/startup_mk64f12.o
 .debug_abbrev  0x0000015c      0x15a ./source/GPIO.o
 .debug_abbrev  0x000002b6      0x11d ./source/Main.o
 .debug_abbrev  0x000003d3       0xd8 ./source/RGB.o
 .debug_abbrev  0x000004ab       0x2f ./source/semihost_hardfault.o
 .debug_abbrev  0x000004da      0x154 ./CMSIS/system_MK64F12.o

.debug_aranges  0x00000000      0x418
 .debug_aranges
                0x00000000      0x330 ./startup/startup_mk64f12.o
 .debug_aranges
                0x00000330       0x38 ./source/GPIO.o
 .debug_aranges
                0x00000368       0x28 ./source/Main.o
 .debug_aranges
                0x00000390       0x38 ./source/RGB.o
 .debug_aranges
                0x000003c8       0x20 ./source/semihost_hardfault.o
 .debug_aranges
                0x000003e8       0x30 ./CMSIS/system_MK64F12.o

.debug_ranges   0x00000000      0x3b8
 .debug_ranges  0x00000000      0x320 ./startup/startup_mk64f12.o
 .debug_ranges  0x00000320       0x28 ./source/GPIO.o
 .debug_ranges  0x00000348       0x18 ./source/Main.o
 .debug_ranges  0x00000360       0x28 ./source/RGB.o
 .debug_ranges  0x00000388       0x10 ./source/semihost_hardfault.o
 .debug_ranges  0x00000398       0x20 ./CMSIS/system_MK64F12.o

.debug_macro    0x00000000    0x118a4
 .debug_macro   0x00000000       0x29 ./startup/startup_mk64f12.o
 .debug_macro   0x00000029      0xa90 ./startup/startup_mk64f12.o
 .debug_macro   0x00000ab9       0xc0 ./source/GPIO.o
 .debug_macro   0x00000b79       0x10 ./source/GPIO.o
 .debug_macro   0x00000b89       0x5c ./source/GPIO.o
 .debug_macro   0x00000be5       0x10 ./source/GPIO.o
 .debug_macro   0x00000bf5      0x12d ./source/GPIO.o
 .debug_macro   0x00000d22      0x5b2 ./source/GPIO.o
 .debug_macro   0x000012d4       0x1c ./source/GPIO.o
 .debug_macro   0x000012f0       0x22 ./source/GPIO.o
 .debug_macro   0x00001312       0xdf ./source/GPIO.o
 .debug_macro   0x000013f1      0xecf ./source/GPIO.o
 .debug_macro   0x000022c0       0x48 ./source/GPIO.o
 .debug_macro   0x00002308     0xe07b ./source/GPIO.o
 .debug_macro   0x00010383       0x5e ./source/GPIO.o
 .debug_macro   0x000103e1       0xcf ./source/Main.o
 .debug_macro   0x000104b0       0x52 ./source/Main.o
 .debug_macro   0x00010502       0xc9 ./source/RGB.o
 .debug_macro   0x000105cb       0x11 ./source/semihost_hardfault.o
 .debug_macro   0x000105dc       0x98 ./CMSIS/system_MK64F12.o
 .debug_macro   0x00010674       0x10 ./CMSIS/system_MK64F12.o
 .debug_macro   0x00010684     0x1220 ./CMSIS/system_MK64F12.o

.debug_line     0x00000000      0xfba
 .debug_line    0x00000000      0x6d4 ./startup/startup_mk64f12.o
 .debug_line    0x000006d4      0x22f ./source/GPIO.o
 .debug_line    0x00000903      0x22b ./source/Main.o
 .debug_line    0x00000b2e      0x227 ./source/RGB.o
 .debug_line    0x00000d55       0x54 ./source/semihost_hardfault.o
 .debug_line    0x00000da9      0x211 ./CMSIS/system_MK64F12.o

.debug_str      0x00000000    0x78a41
 .debug_str     0x00000000     0x35ae ./startup/startup_mk64f12.o
                               0x3606 (size before relaxing)
 .debug_str     0x000035ae    0x6e691 ./source/GPIO.o
                              0x714af (size before relaxing)
 .debug_str     0x00071c3f      0x16d ./source/Main.o
                              0x7147e (size before relaxing)
 .debug_str     0x00071dac       0x3c ./source/RGB.o
                              0x7143a (size before relaxing)
 .debug_str     0x00071de8       0x1f ./source/semihost_hardfault.o
                               0x2d97 (size before relaxing)
 .debug_str     0x00071e07     0x6c3a ./CMSIS/system_MK64F12.o
                              0x77ddc (size before relaxing)

.comment        0x00000000       0x7e
 .comment       0x00000000       0x7e ./startup/startup_mk64f12.o
                                 0x7f (size before relaxing)
 .comment       0x0000007e       0x7f ./source/GPIO.o
 .comment       0x0000007e       0x7f ./source/Main.o
 .comment       0x0000007e       0x7f ./source/RGB.o
 .comment       0x0000007e       0x7f ./source/semihost_hardfault.o
 .comment       0x0000007e       0x7f ./CMSIS/system_MK64F12.o
 .comment       0x0000007e       0x7f c:/nxp/mcuxpressoide_10.2.1_795/ide/tools/bin/../lib/gcc/arm-none-eabi/7.2.1/../../../../arm-none-eabi/lib/thumb/v7e-m/fpv4-sp/hard\libcr_semihost_nf.a(_cr__main.o)
 .comment       0x0000007e       0x7f c:/nxp/mcuxpressoide_10.2.1_795/ide/tools/bin/../lib/gcc/arm-none-eabi/7.2.1/../../../../arm-none-eabi/lib/thumb/v7e-m/fpv4-sp/hard\libcr_c.a(initio.o)
 .comment       0x0000007e       0x7f c:/nxp/mcuxpressoide_10.2.1_795/ide/tools/bin/../lib/gcc/arm-none-eabi/7.2.1/../../../../arm-none-eabi/lib/thumb/v7e-m/fpv4-sp/hard\libcr_c.a(setvbuf.o)
 .comment       0x0000007e       0x7f c:/nxp/mcuxpressoide_10.2.1_795/ide/tools/bin/../lib/gcc/arm-none-eabi/7.2.1/../../../../arm-none-eabi/lib/thumb/v7e-m/fpv4-sp/hard\libcr_c.a(_fdopen.o)
 .comment       0x0000007e       0x7f c:/nxp/mcuxpressoide_10.2.1_795/ide/tools/bin/../lib/gcc/arm-none-eabi/7.2.1/../../../../arm-none-eabi/lib/thumb/v7e-m/fpv4-sp/hard\libcr_c.a(fclose.o)
 .comment       0x0000007e       0x7f c:/nxp/mcuxpressoide_10.2.1_795/ide/tools/bin/../lib/gcc/arm-none-eabi/7.2.1/../../../../arm-none-eabi/lib/thumb/v7e-m/fpv4-sp/hard\libcr_c.a(fflush.o)
 .comment       0x0000007e       0x7f c:/nxp/mcuxpressoide_10.2.1_795/ide/tools/bin/../lib/gcc/arm-none-eabi/7.2.1/../../../../arm-none-eabi/lib/thumb/v7e-m/fpv4-sp/hard\libcr_c.a(fseek.o)
 .comment       0x0000007e       0x7f c:/nxp/mcuxpressoide_10.2.1_795/ide/tools/bin/../lib/gcc/arm-none-eabi/7.2.1/../../../../arm-none-eabi/lib/thumb/v7e-m/fpv4-sp/hard\libcr_c.a(ftell.o)
 .comment       0x0000007e       0x7f c:/nxp/mcuxpressoide_10.2.1_795/ide/tools/bin/../lib/gcc/arm-none-eabi/7.2.1/../../../../arm-none-eabi/lib/thumb/v7e-m/fpv4-sp/hard\libcr_c.a(remove.o)
 .comment       0x0000007e       0x7f c:/nxp/mcuxpressoide_10.2.1_795/ide/tools/bin/../lib/gcc/arm-none-eabi/7.2.1/../../../../arm-none-eabi/lib/thumb/v7e-m/fpv4-sp/hard\libcr_c.a(strlen.o)
 .comment       0x0000007e       0x7f c:/nxp/mcuxpressoide_10.2.1_795/ide/tools/bin/../lib/gcc/arm-none-eabi/7.2.1/../../../../arm-none-eabi/lib/thumb/v7e-m/fpv4-sp/hard\libcr_c.a(memset.o)
 .comment       0x0000007e       0x7f c:/nxp/mcuxpressoide_10.2.1_795/ide/tools/bin/../lib/gcc/arm-none-eabi/7.2.1/../../../../arm-none-eabi/lib/thumb/v7e-m/fpv4-sp/hard\libcr_c.a(_do_fflush.o)
 .comment       0x0000007e       0x7f c:/nxp/mcuxpressoide_10.2.1_795/ide/tools/bin/../lib/gcc/arm-none-eabi/7.2.1/../../../../arm-none-eabi/lib/thumb/v7e-m/fpv4-sp/hard\libcr_c.a(_fflush.o)
 .comment       0x0000007e       0x7f c:/nxp/mcuxpressoide_10.2.1_795/ide/tools/bin/../lib/gcc/arm-none-eabi/7.2.1/../../../../arm-none-eabi/lib/thumb/v7e-m/fpv4-sp/hard\libcr_c.a(_writebuf.o)
 .comment       0x0000007e       0x7f c:/nxp/mcuxpressoide_10.2.1_795/ide/tools/bin/../lib/gcc/arm-none-eabi/7.2.1/../../../../arm-none-eabi/lib/thumb/v7e-m/fpv4-sp/hard\libcr_c.a(alloc.o)
 .comment       0x0000007e       0x7f c:/nxp/mcuxpressoide_10.2.1_795/ide/tools/bin/../lib/gcc/arm-none-eabi/7.2.1/../../../../arm-none-eabi/lib/thumb/v7e-m/fpv4-sp/hard\libcr_c.a(errno.o)
 .comment       0x0000007e       0x7f c:/nxp/mcuxpressoide_10.2.1_795/ide/tools/bin/../lib/gcc/arm-none-eabi/7.2.1/../../../../arm-none-eabi/lib/thumb/v7e-m/fpv4-sp/hard\libcr_c.a(_deferredlazyseek.o)
 .comment       0x0000007e       0x7f c:/nxp/mcuxpressoide_10.2.1_795/ide/tools/bin/../lib/gcc/arm-none-eabi/7.2.1/../../../../arm-none-eabi/lib/thumb/v7e-m/fpv4-sp/hard\libcr_semihost_nf.a(__ciob.o)

.ARM.attributes
                0x00000000       0x37
 .ARM.attributes
                0x00000000       0x39 ./startup/startup_mk64f12.o
 .ARM.attributes
                0x00000039       0x39 ./source/GPIO.o
 .ARM.attributes
                0x00000072       0x39 ./source/Main.o
 .ARM.attributes
                0x000000ab       0x39 ./source/RGB.o
 .ARM.attributes
                0x000000e4       0x39 ./source/semihost_hardfault.o
 .ARM.attributes
                0x0000011d       0x39 ./CMSIS/system_MK64F12.o
 .ARM.attributes
                0x00000156       0x39 c:/nxp/mcuxpressoide_10.2.1_795/ide/tools/bin/../lib/gcc/arm-none-eabi/7.2.1/../../../../arm-none-eabi/lib/thumb/v7e-m/fpv4-sp/hard\libcr_semihost_nf.a(_cr__main.o)
 .ARM.attributes
                0x0000018f       0x39 c:/nxp/mcuxpressoide_10.2.1_795/ide/tools/bin/../lib/gcc/arm-none-eabi/7.2.1/../../../../arm-none-eabi/lib/thumb/v7e-m/fpv4-sp/hard\libcr_c.a(initio.o)
 .ARM.attributes
                0x000001c8       0x39 c:/nxp/mcuxpressoide_10.2.1_795/ide/tools/bin/../lib/gcc/arm-none-eabi/7.2.1/../../../../arm-none-eabi/lib/thumb/v7e-m/fpv4-sp/hard\libcr_c.a(setvbuf.o)
 .ARM.attributes
                0x00000201       0x39 c:/nxp/mcuxpressoide_10.2.1_795/ide/tools/bin/../lib/gcc/arm-none-eabi/7.2.1/../../../../arm-none-eabi/lib/thumb/v7e-m/fpv4-sp/hard\libcr_c.a(_fdopen.o)
 .ARM.attributes
                0x0000023a       0x39 c:/nxp/mcuxpressoide_10.2.1_795/ide/tools/bin/../lib/gcc/arm-none-eabi/7.2.1/../../../../arm-none-eabi/lib/thumb/v7e-m/fpv4-sp/hard\libcr_c.a(fclose.o)
 .ARM.attributes
                0x00000273       0x39 c:/nxp/mcuxpressoide_10.2.1_795/ide/tools/bin/../lib/gcc/arm-none-eabi/7.2.1/../../../../arm-none-eabi/lib/thumb/v7e-m/fpv4-sp/hard\libcr_c.a(fflush.o)
 .ARM.attributes
                0x000002ac       0x39 c:/nxp/mcuxpressoide_10.2.1_795/ide/tools/bin/../lib/gcc/arm-none-eabi/7.2.1/../../../../arm-none-eabi/lib/thumb/v7e-m/fpv4-sp/hard\libcr_c.a(fseek.o)
 .ARM.attributes
                0x000002e5       0x39 c:/nxp/mcuxpressoide_10.2.1_795/ide/tools/bin/../lib/gcc/arm-none-eabi/7.2.1/../../../../arm-none-eabi/lib/thumb/v7e-m/fpv4-sp/hard\libcr_c.a(ftell.o)
 .ARM.attributes
                0x0000031e       0x39 c:/nxp/mcuxpressoide_10.2.1_795/ide/tools/bin/../lib/gcc/arm-none-eabi/7.2.1/../../../../arm-none-eabi/lib/thumb/v7e-m/fpv4-sp/hard\libcr_c.a(remove.o)
 .ARM.attributes
                0x00000357       0x39 c:/nxp/mcuxpressoide_10.2.1_795/ide/tools/bin/../lib/gcc/arm-none-eabi/7.2.1/../../../../arm-none-eabi/lib/thumb/v7e-m/fpv4-sp/hard\libcr_c.a(strlen.o)
 .ARM.attributes
                0x00000390       0x39 c:/nxp/mcuxpressoide_10.2.1_795/ide/tools/bin/../lib/gcc/arm-none-eabi/7.2.1/../../../../arm-none-eabi/lib/thumb/v7e-m/fpv4-sp/hard\libcr_c.a(memset.o)
 .ARM.attributes
                0x000003c9       0x39 c:/nxp/mcuxpressoide_10.2.1_795/ide/tools/bin/../lib/gcc/arm-none-eabi/7.2.1/../../../../arm-none-eabi/lib/thumb/v7e-m/fpv4-sp/hard\libcr_c.a(_do_fflush.o)
 .ARM.attributes
                0x00000402       0x39 c:/nxp/mcuxpressoide_10.2.1_795/ide/tools/bin/../lib/gcc/arm-none-eabi/7.2.1/../../../../arm-none-eabi/lib/thumb/v7e-m/fpv4-sp/hard\libcr_c.a(_fflush.o)
 .ARM.attributes
                0x0000043b       0x39 c:/nxp/mcuxpressoide_10.2.1_795/ide/tools/bin/../lib/gcc/arm-none-eabi/7.2.1/../../../../arm-none-eabi/lib/thumb/v7e-m/fpv4-sp/hard\libcr_c.a(_writebuf.o)
 .ARM.attributes
                0x00000474       0x39 c:/nxp/mcuxpressoide_10.2.1_795/ide/tools/bin/../lib/gcc/arm-none-eabi/7.2.1/../../../../arm-none-eabi/lib/thumb/v7e-m/fpv4-sp/hard\libcr_c.a(alloc.o)
 .ARM.attributes
                0x000004ad       0x39 c:/nxp/mcuxpressoide_10.2.1_795/ide/tools/bin/../lib/gcc/arm-none-eabi/7.2.1/../../../../arm-none-eabi/lib/thumb/v7e-m/fpv4-sp/hard\libcr_c.a(errno.o)
 .ARM.attributes
                0x000004e6       0x39 c:/nxp/mcuxpressoide_10.2.1_795/ide/tools/bin/../lib/gcc/arm-none-eabi/7.2.1/../../../../arm-none-eabi/lib/thumb/v7e-m/fpv4-sp/hard\libcr_c.a(_deferredlazyseek.o)
 .ARM.attributes
                0x0000051f       0x25 c:/nxp/mcuxpressoide_10.2.1_795/ide/tools/bin/../lib/gcc/arm-none-eabi/7.2.1/thumb/v7e-m/fpv4-sp/hard\libcr_eabihelpers.a(memcpy.o)
 .ARM.attributes
                0x00000544       0x39 c:/nxp/mcuxpressoide_10.2.1_795/ide/tools/bin/../lib/gcc/arm-none-eabi/7.2.1/../../../../arm-none-eabi/lib/thumb/v7e-m/fpv4-sp/hard\libcr_semihost_nf.a(__ciob.o)
 .ARM.attributes
                0x0000057d       0x25 c:/nxp/mcuxpressoide_10.2.1_795/ide/tools/bin/../lib/gcc/arm-none-eabi/7.2.1/../../../../arm-none-eabi/lib/thumb/v7e-m/fpv4-sp/hard\libcr_semihost_nf.a(__sys_close.o)
 .ARM.attributes
                0x000005a2       0x25 c:/nxp/mcuxpressoide_10.2.1_795/ide/tools/bin/../lib/gcc/arm-none-eabi/7.2.1/../../../../arm-none-eabi/lib/thumb/v7e-m/fpv4-sp/hard\libcr_semihost_nf.a(__sys_flen.o)
 .ARM.attributes
                0x000005c7       0x25 c:/nxp/mcuxpressoide_10.2.1_795/ide/tools/bin/../lib/gcc/arm-none-eabi/7.2.1/../../../../arm-none-eabi/lib/thumb/v7e-m/fpv4-sp/hard\libcr_semihost_nf.a(__sys_istty.o)
 .ARM.attributes
                0x000005ec       0x25 c:/nxp/mcuxpressoide_10.2.1_795/ide/tools/bin/../lib/gcc/arm-none-eabi/7.2.1/../../../../arm-none-eabi/lib/thumb/v7e-m/fpv4-sp/hard\libcr_semihost_nf.a(__sys_remove.o)
 .ARM.attributes
                0x00000611       0x25 c:/nxp/mcuxpressoide_10.2.1_795/ide/tools/bin/../lib/gcc/arm-none-eabi/7.2.1/../../../../arm-none-eabi/lib/thumb/v7e-m/fpv4-sp/hard\libcr_semihost_nf.a(__sys_seek.o)
 .ARM.attributes
                0x00000636       0x25 c:/nxp/mcuxpressoide_10.2.1_795/ide/tools/bin/../lib/gcc/arm-none-eabi/7.2.1/../../../../arm-none-eabi/lib/thumb/v7e-m/fpv4-sp/hard\libcr_semihost_nf.a(__sys_tmpnam.o)
 .ARM.attributes
                0x0000065b       0x25 c:/nxp/mcuxpressoide_10.2.1_795/ide/tools/bin/../lib/gcc/arm-none-eabi/7.2.1/../../../../arm-none-eabi/lib/thumb/v7e-m/fpv4-sp/hard\libcr_semihost_nf.a(__sys_write.o)

.debug_frame    0x00000000      0xb28
 .debug_frame   0x00000000      0x904 ./startup/startup_mk64f12.o
 .debug_frame   0x00000904       0xb0 ./source/GPIO.o
 .debug_frame   0x000009b4       0x58 ./source/Main.o
 .debug_frame   0x00000a0c       0x88 ./source/RGB.o
 .debug_frame   0x00000a94       0x20 ./source/semihost_hardfault.o
 .debug_frame   0x00000ab4       0x74 ./CMSIS/system_MK64F12.o
